							Router ONE

FIRST#configur terminal
Enter configuration commands, one per line.  End with CNTL/Z.
FIRST(config)#
FIRST(config)#
FIRST(config)#router ospf 100
FIRST(config-router)#network 20.0.0.0 0.255.255.255 area 0
FIRST(config-router)#exit
FIRST(config)#exit
FIRST#
%SYS-5-CONFIG_I: Configured from console by console

FIRST#



							Router TWO


Router#configure terminal
Enter configuration commands, one per line.  End with CNTL/Z.
Router(config)#router ospf 200
Router(config-router)#network 20.0.0.0 0.255.255.255 area 0
Router(config-router)#network 30.0.0.0 0.255.255.25
00:12:10: %OSPF-5-ADJCHG: Process 200, Nbr 20.20.20.1 on GigabitEthernet0/0 from Lnetwork 20.0.0.0 0.255.255.255 area 0
Router(config-router)#network 30.0.0.0 0.255.255.255 area 0
Router(config-router)#exit
Router(config)#exit
Router#
%SYS-5-CONFIG_I: Configured from console by console


							Router Three

Router#
Router#configure terminal
Enter configuration commands, one per line.  End with CNTL/Z.
Router(config)#
Router(config)#router ospf
% Incomplete command.
Router(config)#router ospf 300
Router(config-router)#network 30.0.0.0 0.255.255.255 area 0
Router(config-router)#exit
Router(config)#exit
Router#
%SYS-5-CONFIG_I: Configured from console by console

Router#write
Building configuration...
[OK]
Router#
00:14:07: %OSPF-5-ADJCHG: Process 300, Nbr 30.30.30.1 on GigabitEthernet0/0 from LOADING to FULL, Loading Done

Router#